// Jest Snapshot v1, https://goo.gl/fbAQLP

exports[`construct-library 1`] = `
"# API Reference <span data-heading-title=\\"API Reference\\" data-heading-id=\\"api-reference\\"></span>

## Constructs <span data-heading-title=\\"Constructs\\" data-heading-id=\\"constructs\\"></span>

### GreeterBucket <span data-heading-title=\\"GreeterBucket\\" data-heading-id=\\"constructlibrarygreeterbucket\\"></span>

#### Initializer <span data-heading-title=\\"Initializer\\" data-heading-id=\\"constructlibrarygreeterbucketinitializer\\"></span>

\`\`\`typescript
import { GreeterBucket } from 'construct-library'

new GreeterBucket(scope: Construct, id: string, props?: BucketProps)
\`\`\`

##### \`scope\`<sup>Required</sup> <span data-heading-title=\\"\`scope\`<sup>Required</sup>\\" data-heading-id=\\"constructlibrarygreeterbucketscope\\"></span>

- *Type:* [\`constructs.Construct\`](#constructs.Construct)

---

##### \`id\`<sup>Required</sup> <span data-heading-title=\\"\`id\`<sup>Required</sup>\\" data-heading-id=\\"constructlibrarygreeterbucketid\\"></span>

- *Type:* \`string\`

---

##### \`props\`<sup>Optional</sup> <span data-heading-title=\\"\`props\`<sup>Optional</sup>\\" data-heading-id=\\"constructlibrarygreeterbucketprops\\"></span>

- *Type:* [\`@aws-cdk/aws-s3.BucketProps\`](#@aws-cdk/aws-s3.BucketProps)

---

#### Methods <span data-heading-title=\\"Methods\\" data-heading-id=\\"methods\\"></span>

##### \`greet\` <span data-heading-title=\\"\`greet\`\\" data-heading-id=\\"constructlibrarygreeterbucketgreet\\"></span>

\`\`\`typescript
public greet()
\`\`\`







"
`;
