// Jest Snapshot v1, https://goo.gl/fbAQLP

exports[`construct-library 1`] = `
"# API Reference <a name=\\"API Reference\\" id=\\"api-reference\\"></a>

## Constructs <a name=\\"Constructs\\" id=\\"constructs\\"></a>

### GreeterBucket <a name=\\"construct-library.GreeterBucket\\" id=\\"constructlibrarygreeterbucket\\"></a>

#### Initializers <a name=\\"construct-library.GreeterBucket.Initializer\\" id=\\"constructlibrarygreeterbucketinitializer\\"></a>

\`\`\`typescript
import { GreeterBucket } from 'construct-library'

new GreeterBucket(scope: Construct, id: string, props?: BucketProps)
\`\`\`

| **Name** | **Type** | **Description** |
| --- | --- | --- |
| [\`scope\`](#constructlibrarygreeterbucketparameterscope)<span title=\\"Required\\">*</span> | [\`constructs.Construct\`](#constructs.Construct) | *No description.* |
| [\`id\`](#constructlibrarygreeterbucketparameterid)<span title=\\"Required\\">*</span> | \`string\` | *No description.* |
| [\`props\`](#constructlibrarygreeterbucketparameterprops) | [\`@aws-cdk/aws-s3.BucketProps\`](#@aws-cdk/aws-s3.BucketProps) | *No description.* |

---

##### \`scope\`<sup>Required</sup> <a name=\\"construct-library.GreeterBucket.parameter.scope\\" id=\\"constructlibrarygreeterbucketparameterscope\\"></a>

- *Type:* [\`constructs.Construct\`](#constructs.Construct)

---

##### \`id\`<sup>Required</sup> <a name=\\"construct-library.GreeterBucket.parameter.id\\" id=\\"constructlibrarygreeterbucketparameterid\\"></a>

- *Type:* \`string\`

---

##### \`props\`<sup>Optional</sup> <a name=\\"construct-library.GreeterBucket.parameter.props\\" id=\\"constructlibrarygreeterbucketparameterprops\\"></a>

- *Type:* [\`@aws-cdk/aws-s3.BucketProps\`](#@aws-cdk/aws-s3.BucketProps)

---

#### Methods <a name=\\"Methods\\" id=\\"methods\\"></a>

| **Name** | **Description** |
| --- | --- |
| [\`greet\`](#constructlibrarygreeterbucketgreet) | *No description.* |

---

##### \`greet\` <a name=\\"construct-library.GreeterBucket.greet\\" id=\\"constructlibrarygreeterbucketgreet\\"></a>

\`\`\`typescript
public greet()
\`\`\`







"
`;

exports[`specify language 1`] = `
"# API Reference <a name=\\"API Reference\\" id=\\"api-reference\\"></a>

## Constructs <a name=\\"Constructs\\" id=\\"constructs\\"></a>

### GreeterBucket <a name=\\"construct_library.GreeterBucket\\" id=\\"constructlibrarygreeterbucket\\"></a>

#### Initializers <a name=\\"construct_library.GreeterBucket.Initializer\\" id=\\"constructlibrarygreeterbucketinitializer\\"></a>

\`\`\`python
import construct_library

construct_library.GreeterBucket(
  scope: Construct,
  id: str,
  access_control: BucketAccessControl = None,
  auto_delete_objects: bool = None,
  block_public_access: BlockPublicAccess = None,
  bucket_key_enabled: bool = None,
  bucket_name: str = None,
  cors: typing.List[CorsRule] = None,
  encryption: BucketEncryption = None,
  encryption_key: IKey = None,
  enforce_ss_l: bool = None,
  inventories: typing.List[Inventory] = None,
  lifecycle_rules: typing.List[LifecycleRule] = None,
  metrics: typing.List[BucketMetrics] = None,
  object_ownership: ObjectOwnership = None,
  public_read_access: bool = None,
  removal_policy: RemovalPolicy = None,
  server_access_logs_bucket: IBucket = None,
  server_access_logs_prefix: str = None,
  versioned: bool = None,
  website_error_document: str = None,
  website_index_document: str = None,
  website_redirect: RedirectTarget = None,
  website_routing_rules: typing.List[RoutingRule] = None
)
\`\`\`

| **Name** | **Type** | **Description** |
| --- | --- | --- |
| [\`scope\`](#constructlibrarygreeterbucketparameterscope)<span title=\\"Required\\">*</span> | [\`constructs.Construct\`](#constructs.Construct) | *No description.* |
| [\`id\`](#constructlibrarygreeterbucketparameterid)<span title=\\"Required\\">*</span> | \`str\` | *No description.* |
| [\`access_control\`](#awscdkawss3bucketpropsparameteraccesscontrol) | [\`aws_cdk.aws_s3.BucketAccessControl\`](#aws_cdk.aws_s3.BucketAccessControl) | Specifies a canned ACL that grants predefined permissions to the bucket. |
| [\`auto_delete_objects\`](#awscdkawss3bucketpropsparameterautodeleteobjects) | \`bool\` | Whether all objects should be automatically deleted when the bucket is removed from the stack or when the stack is deleted. |
| [\`block_public_access\`](#awscdkawss3bucketpropsparameterblockpublicaccess) | [\`aws_cdk.aws_s3.BlockPublicAccess\`](#aws_cdk.aws_s3.BlockPublicAccess) | The block public access configuration of this bucket. |
| [\`bucket_key_enabled\`](#awscdkawss3bucketpropsparameterbucketkeyenabled) | \`bool\` | Specifies whether Amazon S3 should use an S3 Bucket Key with server-side encryption using KMS (SSE-KMS) for new objects in the bucket. |
| [\`bucket_name\`](#awscdkawss3bucketpropsparameterbucketname) | \`str\` | Physical name of this bucket. |
| [\`cors\`](#awscdkawss3bucketpropsparametercors) | typing.List[[\`aws_cdk.aws_s3.CorsRule\`](#aws_cdk.aws_s3.CorsRule)] | The CORS configuration of this bucket. |
| [\`encryption\`](#awscdkawss3bucketpropsparameterencryption) | [\`aws_cdk.aws_s3.BucketEncryption\`](#aws_cdk.aws_s3.BucketEncryption) | The kind of server-side encryption to apply to this bucket. |
| [\`encryption_key\`](#awscdkawss3bucketpropsparameterencryptionkey) | [\`aws_cdk.aws_kms.IKey\`](#aws_cdk.aws_kms.IKey) | External KMS key to use for bucket encryption. |
| [\`enforce_ss_l\`](#awscdkawss3bucketpropsparameterenforcessl) | \`bool\` | Enforces SSL for requests. |
| [\`inventories\`](#awscdkawss3bucketpropsparameterinventories) | typing.List[[\`aws_cdk.aws_s3.Inventory\`](#aws_cdk.aws_s3.Inventory)] | The inventory configuration of the bucket. |
| [\`lifecycle_rules\`](#awscdkawss3bucketpropsparameterlifecyclerules) | typing.List[[\`aws_cdk.aws_s3.LifecycleRule\`](#aws_cdk.aws_s3.LifecycleRule)] | Rules that define how Amazon S3 manages objects during their lifetime. |
| [\`metrics\`](#awscdkawss3bucketpropsparametermetrics) | typing.List[[\`aws_cdk.aws_s3.BucketMetrics\`](#aws_cdk.aws_s3.BucketMetrics)] | The metrics configuration of this bucket. |
| [\`object_ownership\`](#awscdkawss3bucketpropsparameterobjectownership) | [\`aws_cdk.aws_s3.ObjectOwnership\`](#aws_cdk.aws_s3.ObjectOwnership) | The objectOwnership of the bucket. |
| [\`public_read_access\`](#awscdkawss3bucketpropsparameterpublicreadaccess) | \`bool\` | Grants public read access to all objects in the bucket. |
| [\`removal_policy\`](#awscdkawss3bucketpropsparameterremovalpolicy) | [\`aws_cdk.core.RemovalPolicy\`](#aws_cdk.core.RemovalPolicy) | Policy to apply when the bucket is removed from this stack. |
| [\`server_access_logs_bucket\`](#awscdkawss3bucketpropsparameterserveraccesslogsbucket) | [\`aws_cdk.aws_s3.IBucket\`](#aws_cdk.aws_s3.IBucket) | Destination bucket for the server access logs. |
| [\`server_access_logs_prefix\`](#awscdkawss3bucketpropsparameterserveraccesslogsprefix) | \`str\` | Optional log file prefix to use for the bucket's access logs. |
| [\`versioned\`](#awscdkawss3bucketpropsparameterversioned) | \`bool\` | Whether this bucket should have versioning turned on or not. |
| [\`website_error_document\`](#awscdkawss3bucketpropsparameterwebsiteerrordocument) | \`str\` | The name of the error document (e.g. \\"404.html\\") for the website. \`websiteIndexDocument\` must also be set if this is set. |
| [\`website_index_document\`](#awscdkawss3bucketpropsparameterwebsiteindexdocument) | \`str\` | The name of the index document (e.g. \\"index.html\\") for the website. Enables static website hosting for this bucket. |
| [\`website_redirect\`](#awscdkawss3bucketpropsparameterwebsiteredirect) | [\`aws_cdk.aws_s3.RedirectTarget\`](#aws_cdk.aws_s3.RedirectTarget) | Specifies the redirect behavior of all requests to a website endpoint of a bucket. |
| [\`website_routing_rules\`](#awscdkawss3bucketpropsparameterwebsiteroutingrules) | typing.List[[\`aws_cdk.aws_s3.RoutingRule\`](#aws_cdk.aws_s3.RoutingRule)] | Rules that define when a redirect is applied and the redirect behavior. |

---

##### \`scope\`<sup>Required</sup> <a name=\\"construct_library.GreeterBucket.parameter.scope\\" id=\\"constructlibrarygreeterbucketparameterscope\\"></a>

- *Type:* [\`constructs.Construct\`](#constructs.Construct)

---

##### \`id\`<sup>Required</sup> <a name=\\"construct_library.GreeterBucket.parameter.id\\" id=\\"constructlibrarygreeterbucketparameterid\\"></a>

- *Type:* \`str\`

---

##### \`access_control\`<sup>Optional</sup> <a name=\\"aws_cdk.aws_s3.BucketProps.parameter.access_control\\" id=\\"awscdkawss3bucketpropsparameteraccesscontrol\\"></a>

- *Type:* [\`aws_cdk.aws_s3.BucketAccessControl\`](#aws_cdk.aws_s3.BucketAccessControl)
- *Default:* BucketAccessControl.PRIVATE

Specifies a canned ACL that grants predefined permissions to the bucket.

---

##### \`auto_delete_objects\`<sup>Optional</sup> <a name=\\"aws_cdk.aws_s3.BucketProps.parameter.auto_delete_objects\\" id=\\"awscdkawss3bucketpropsparameterautodeleteobjects\\"></a>

- *Type:* \`bool\`
- *Default:* false

Whether all objects should be automatically deleted when the bucket is removed from the stack or when the stack is deleted.

Requires the \`removalPolicy\` to be set to \`RemovalPolicy.DESTROY\`.  **Warning** if you have deployed a bucket with \`autoDeleteObjects: true\`, switching this to \`false\` in a CDK version *before* \`1.126.0\` will lead to all objects in the bucket being deleted. Be sure to update your bucket resources by deploying with CDK version \`1.126.0\` or later **before** switching this value to \`false\`.

---

##### \`block_public_access\`<sup>Optional</sup> <a name=\\"aws_cdk.aws_s3.BucketProps.parameter.block_public_access\\" id=\\"awscdkawss3bucketpropsparameterblockpublicaccess\\"></a>

- *Type:* [\`aws_cdk.aws_s3.BlockPublicAccess\`](#aws_cdk.aws_s3.BlockPublicAccess)
- *Default:* CloudFormation defaults will apply. New buckets and objects don't allow public access, but users can modify bucket policies or object permissions to allow public access

The block public access configuration of this bucket.

> https://docs.aws.amazon.com/AmazonS3/latest/dev/access-control-block-public-access.html

---

##### \`bucket_key_enabled\`<sup>Optional</sup> <a name=\\"aws_cdk.aws_s3.BucketProps.parameter.bucket_key_enabled\\" id=\\"awscdkawss3bucketpropsparameterbucketkeyenabled\\"></a>

- *Type:* \`bool\`
- *Default:* false

Specifies whether Amazon S3 should use an S3 Bucket Key with server-side encryption using KMS (SSE-KMS) for new objects in the bucket.

Only relevant, when Encryption is set to {@link BucketEncryption.KMS}

---

##### \`bucket_name\`<sup>Optional</sup> <a name=\\"aws_cdk.aws_s3.BucketProps.parameter.bucket_name\\" id=\\"awscdkawss3bucketpropsparameterbucketname\\"></a>

- *Type:* \`str\`
- *Default:* Assigned by CloudFormation (recommended).

Physical name of this bucket.

---

##### \`cors\`<sup>Optional</sup> <a name=\\"aws_cdk.aws_s3.BucketProps.parameter.cors\\" id=\\"awscdkawss3bucketpropsparametercors\\"></a>

- *Type:* typing.List[[\`aws_cdk.aws_s3.CorsRule\`](#aws_cdk.aws_s3.CorsRule)]
- *Default:* No CORS configuration.

The CORS configuration of this bucket.

> https://docs.aws.amazon.com/AWSCloudFormation/latest/UserGuide/aws-properties-s3-bucket-cors.html

---

##### \`encryption\`<sup>Optional</sup> <a name=\\"aws_cdk.aws_s3.BucketProps.parameter.encryption\\" id=\\"awscdkawss3bucketpropsparameterencryption\\"></a>

- *Type:* [\`aws_cdk.aws_s3.BucketEncryption\`](#aws_cdk.aws_s3.BucketEncryption)
- *Default:* \`Kms\` if \`encryptionKey\` is specified, or \`Unencrypted\` otherwise.

The kind of server-side encryption to apply to this bucket.

If you choose KMS, you can specify a KMS key via \`encryptionKey\`. If encryption key is not specified, a key will automatically be created.

---

##### \`encryption_key\`<sup>Optional</sup> <a name=\\"aws_cdk.aws_s3.BucketProps.parameter.encryption_key\\" id=\\"awscdkawss3bucketpropsparameterencryptionkey\\"></a>

- *Type:* [\`aws_cdk.aws_kms.IKey\`](#aws_cdk.aws_kms.IKey)
- *Default:* If encryption is set to \\"Kms\\" and this property is undefined, a new KMS key will be created and associated with this bucket.

External KMS key to use for bucket encryption.

The 'encryption' property must be either not specified or set to \\"Kms\\". An error will be emitted if encryption is set to \\"Unencrypted\\" or \\"Managed\\".

---

##### \`enforce_ss_l\`<sup>Optional</sup> <a name=\\"aws_cdk.aws_s3.BucketProps.parameter.enforce_ss_l\\" id=\\"awscdkawss3bucketpropsparameterenforcessl\\"></a>

- *Type:* \`bool\`
- *Default:* false

Enforces SSL for requests.

S3.5 of the AWS Foundational Security Best Practices Regarding S3.

> https://docs.aws.amazon.com/config/latest/developerguide/s3-bucket-ssl-requests-only.html

---

##### \`inventories\`<sup>Optional</sup> <a name=\\"aws_cdk.aws_s3.BucketProps.parameter.inventories\\" id=\\"awscdkawss3bucketpropsparameterinventories\\"></a>

- *Type:* typing.List[[\`aws_cdk.aws_s3.Inventory\`](#aws_cdk.aws_s3.Inventory)]
- *Default:* No inventory configuration

The inventory configuration of the bucket.

> https://docs.aws.amazon.com/AmazonS3/latest/dev/storage-inventory.html

---

##### \`lifecycle_rules\`<sup>Optional</sup> <a name=\\"aws_cdk.aws_s3.BucketProps.parameter.lifecycle_rules\\" id=\\"awscdkawss3bucketpropsparameterlifecyclerules\\"></a>

- *Type:* typing.List[[\`aws_cdk.aws_s3.LifecycleRule\`](#aws_cdk.aws_s3.LifecycleRule)]
- *Default:* No lifecycle rules.

Rules that define how Amazon S3 manages objects during their lifetime.

---

##### \`metrics\`<sup>Optional</sup> <a name=\\"aws_cdk.aws_s3.BucketProps.parameter.metrics\\" id=\\"awscdkawss3bucketpropsparametermetrics\\"></a>

- *Type:* typing.List[[\`aws_cdk.aws_s3.BucketMetrics\`](#aws_cdk.aws_s3.BucketMetrics)]
- *Default:* No metrics configuration.

The metrics configuration of this bucket.

> https://docs.aws.amazon.com/AWSCloudFormation/latest/UserGuide/aws-properties-s3-bucket-metricsconfiguration.html

---

##### \`object_ownership\`<sup>Optional</sup> <a name=\\"aws_cdk.aws_s3.BucketProps.parameter.object_ownership\\" id=\\"awscdkawss3bucketpropsparameterobjectownership\\"></a>

- *Type:* [\`aws_cdk.aws_s3.ObjectOwnership\`](#aws_cdk.aws_s3.ObjectOwnership)
- *Default:* No ObjectOwnership configuration, uploading account will own the object.

The objectOwnership of the bucket.

> https://docs.aws.amazon.com/AmazonS3/latest/dev/about-object-ownership.html

---

##### \`public_read_access\`<sup>Optional</sup> <a name=\\"aws_cdk.aws_s3.BucketProps.parameter.public_read_access\\" id=\\"awscdkawss3bucketpropsparameterpublicreadaccess\\"></a>

- *Type:* \`bool\`
- *Default:* false

Grants public read access to all objects in the bucket.

Similar to calling \`bucket.grantPublicAccess()\`

---

##### \`removal_policy\`<sup>Optional</sup> <a name=\\"aws_cdk.aws_s3.BucketProps.parameter.removal_policy\\" id=\\"awscdkawss3bucketpropsparameterremovalpolicy\\"></a>

- *Type:* [\`aws_cdk.core.RemovalPolicy\`](#aws_cdk.core.RemovalPolicy)
- *Default:* The bucket will be orphaned.

Policy to apply when the bucket is removed from this stack.

---

##### \`server_access_logs_bucket\`<sup>Optional</sup> <a name=\\"aws_cdk.aws_s3.BucketProps.parameter.server_access_logs_bucket\\" id=\\"awscdkawss3bucketpropsparameterserveraccesslogsbucket\\"></a>

- *Type:* [\`aws_cdk.aws_s3.IBucket\`](#aws_cdk.aws_s3.IBucket)
- *Default:* If \\"serverAccessLogsPrefix\\" undefined - access logs disabled, otherwise - log to current bucket.

Destination bucket for the server access logs.

---

##### \`server_access_logs_prefix\`<sup>Optional</sup> <a name=\\"aws_cdk.aws_s3.BucketProps.parameter.server_access_logs_prefix\\" id=\\"awscdkawss3bucketpropsparameterserveraccesslogsprefix\\"></a>

- *Type:* \`str\`
- *Default:* No log file prefix

Optional log file prefix to use for the bucket's access logs.

If defined without \\"serverAccessLogsBucket\\", enables access logs to current bucket with this prefix.

---

##### \`versioned\`<sup>Optional</sup> <a name=\\"aws_cdk.aws_s3.BucketProps.parameter.versioned\\" id=\\"awscdkawss3bucketpropsparameterversioned\\"></a>

- *Type:* \`bool\`
- *Default:* false

Whether this bucket should have versioning turned on or not.

---

##### \`website_error_document\`<sup>Optional</sup> <a name=\\"aws_cdk.aws_s3.BucketProps.parameter.website_error_document\\" id=\\"awscdkawss3bucketpropsparameterwebsiteerrordocument\\"></a>

- *Type:* \`str\`
- *Default:* No error document.

The name of the error document (e.g. \\"404.html\\") for the website. \`websiteIndexDocument\` must also be set if this is set.

---

##### \`website_index_document\`<sup>Optional</sup> <a name=\\"aws_cdk.aws_s3.BucketProps.parameter.website_index_document\\" id=\\"awscdkawss3bucketpropsparameterwebsiteindexdocument\\"></a>

- *Type:* \`str\`
- *Default:* No index document.

The name of the index document (e.g. \\"index.html\\") for the website. Enables static website hosting for this bucket.

---

##### \`website_redirect\`<sup>Optional</sup> <a name=\\"aws_cdk.aws_s3.BucketProps.parameter.website_redirect\\" id=\\"awscdkawss3bucketpropsparameterwebsiteredirect\\"></a>

- *Type:* [\`aws_cdk.aws_s3.RedirectTarget\`](#aws_cdk.aws_s3.RedirectTarget)
- *Default:* No redirection.

Specifies the redirect behavior of all requests to a website endpoint of a bucket.

If you specify this property, you can't specify \\"websiteIndexDocument\\", \\"websiteErrorDocument\\" nor , \\"websiteRoutingRules\\".

---

##### \`website_routing_rules\`<sup>Optional</sup> <a name=\\"aws_cdk.aws_s3.BucketProps.parameter.website_routing_rules\\" id=\\"awscdkawss3bucketpropsparameterwebsiteroutingrules\\"></a>

- *Type:* typing.List[[\`aws_cdk.aws_s3.RoutingRule\`](#aws_cdk.aws_s3.RoutingRule)]
- *Default:* No redirection rules.

Rules that define when a redirect is applied and the redirect behavior.

---

#### Methods <a name=\\"Methods\\" id=\\"methods\\"></a>

| **Name** | **Description** |
| --- | --- |
| [\`greet\`](#constructlibrarygreeterbucketgreet) | *No description.* |

---

##### \`greet\` <a name=\\"construct_library.GreeterBucket.greet\\" id=\\"constructlibrarygreeterbucketgreet\\"></a>

\`\`\`python
def greet()
\`\`\`







"
`;
