// Jest Snapshot v1, https://goo.gl/fbAQLP

exports[`construct-library 1`] = `
"# API Reference <a name=\\"API Reference\\"></a>

## Constructs <a name=\\"Constructs\\"></a>

### GreeterBucket <a name=\\"construct-library.GreeterBucket\\"></a>

#### Initializer <a name=\\"construct-library.GreeterBucket.Initializer\\"></a>

\`\`\`typescript
import { GreeterBucket } from 'construct-library'

new GreeterBucket(scope: Construct, id: string, props?: BucketProps)
\`\`\`

##### \`scope\`<sup>Required</sup> <a name=\\"construct-library.GreeterBucket.scope\\"></a>

- *Type:* [\`constructs.Construct\`](#constructs.Construct)

---

##### \`id\`<sup>Required</sup> <a name=\\"construct-library.GreeterBucket.id\\"></a>

- *Type:* \`string\`

---

##### \`props\`<sup>Optional</sup> <a name=\\"construct-library.GreeterBucket.props\\"></a>

- *Type:* [\`@aws-cdk/aws-s3.BucketProps\`](#@aws-cdk/aws-s3.BucketProps)

---

#### Methods <a name=\\"Methods\\"></a>

##### \`greet\` <a name=\\"construct-library.GreeterBucket.greet\\"></a>

\`\`\`typescript
public greet()
\`\`\`







"
`;
