// Jest Snapshot v1, https://goo.gl/fbAQLP

exports[`java snapshot 1`] = `
" Initializers <a name=\\"software.amazon.awscdk.services.ecr.CfnPublicRepository.Initializer\\"></a>

\`\`\`java
import software.amazon.awscdk.services.ecr.CfnPublicRepository;

new CfnPublicRepository(scope: Construct, id: java.lang.String)
new CfnPublicRepository(scope: Construct, id: java.lang.String, props: CfnPublicRepositoryProps)
\`\`\`

# \`scope\`<sup>Required</sup> <a name=\\"software.amazon.awscdk.services.ecr.CfnPublicRepository.parameter.scope\\"></a>

- *Type:* [\`software.amazon.awscdk.core.Construct\`](#software.amazon.awscdk.core.Construct)

scope in which this resource is defined.

---

# \`id\`<sup>Required</sup> <a name=\\"software.amazon.awscdk.services.ecr.CfnPublicRepository.parameter.id\\"></a>

- *Type:* \`java.lang.String\`

scoped id of the resource.

---

# \`props\`<sup>Optional</sup> <a name=\\"software.amazon.awscdk.services.ecr.CfnPublicRepository.parameter.props\\"></a>

- *Type:* [\`software.amazon.awscdk.services.ecr.CfnPublicRepositoryProps\`](#software.amazon.awscdk.services.ecr.CfnPublicRepositoryProps)

resource properties.

---
"
`;

exports[`python snapshot 1`] = `
" Initializers <a name=\\"aws_cdk.aws_ecr.CfnPublicRepository.Initializer\\"></a>

\`\`\`python
import aws_cdk.aws_ecr

aws_cdk.aws_ecr.CfnPublicRepository(
  scope: Construct,
  id: str,
  repository_catalog_data: typing.Any = None,
  repository_name: str = None,
  repository_policy_text: typing.Any = None,
  tags: typing.List[CfnTag] = None
)
\`\`\`

# \`scope\`<sup>Required</sup> <a name=\\"aws_cdk.aws_ecr.CfnPublicRepository.parameter.scope\\"></a>

- *Type:* [\`aws_cdk.core.Construct\`](#aws_cdk.core.Construct)

scope in which this resource is defined.

---

# \`id\`<sup>Required</sup> <a name=\\"aws_cdk.aws_ecr.CfnPublicRepository.parameter.id\\"></a>

- *Type:* \`str\`

scoped id of the resource.

---

# \`repository_catalog_data\`<sup>Optional</sup> <a name=\\"aws_cdk.aws_ecr.CfnPublicRepositoryProps.parameter.repository_catalog_data\\"></a>

- *Type:* \`typing.Any\`

\`AWS::ECR::PublicRepository.RepositoryCatalogData\`.

> [http://docs.aws.amazon.com/AWSCloudFormation/latest/UserGuide/aws-resource-ecr-publicrepository.html#cfn-ecr-publicrepository-repositorycatalogdata](http://docs.aws.amazon.com/AWSCloudFormation/latest/UserGuide/aws-resource-ecr-publicrepository.html#cfn-ecr-publicrepository-repositorycatalogdata)

---

# \`repository_name\`<sup>Optional</sup> <a name=\\"aws_cdk.aws_ecr.CfnPublicRepositoryProps.parameter.repository_name\\"></a>

- *Type:* \`str\`

\`AWS::ECR::PublicRepository.RepositoryName\`.

> [http://docs.aws.amazon.com/AWSCloudFormation/latest/UserGuide/aws-resource-ecr-publicrepository.html#cfn-ecr-publicrepository-repositoryname](http://docs.aws.amazon.com/AWSCloudFormation/latest/UserGuide/aws-resource-ecr-publicrepository.html#cfn-ecr-publicrepository-repositoryname)

---

# \`repository_policy_text\`<sup>Optional</sup> <a name=\\"aws_cdk.aws_ecr.CfnPublicRepositoryProps.parameter.repository_policy_text\\"></a>

- *Type:* \`typing.Any\`

\`AWS::ECR::PublicRepository.RepositoryPolicyText\`.

> [http://docs.aws.amazon.com/AWSCloudFormation/latest/UserGuide/aws-resource-ecr-publicrepository.html#cfn-ecr-publicrepository-repositorypolicytext](http://docs.aws.amazon.com/AWSCloudFormation/latest/UserGuide/aws-resource-ecr-publicrepository.html#cfn-ecr-publicrepository-repositorypolicytext)

---

# \`tags\`<sup>Optional</sup> <a name=\\"aws_cdk.aws_ecr.CfnPublicRepositoryProps.parameter.tags\\"></a>

- *Type:* typing.List[[\`aws_cdk.core.CfnTag\`](#aws_cdk.core.CfnTag)]

\`AWS::ECR::PublicRepository.Tags\`.

> [http://docs.aws.amazon.com/AWSCloudFormation/latest/UserGuide/aws-resource-ecr-publicrepository.html#cfn-ecr-publicrepository-tags](http://docs.aws.amazon.com/AWSCloudFormation/latest/UserGuide/aws-resource-ecr-publicrepository.html#cfn-ecr-publicrepository-tags)

---
"
`;

exports[`typescript snapshot 1`] = `
" Initializers <a name=\\"@aws-cdk/aws-ecr.CfnPublicRepository.Initializer\\"></a>

\`\`\`typescript
import { CfnPublicRepository } from '@aws-cdk/aws-ecr'

new CfnPublicRepository(scope: Construct, id: string, props?: CfnPublicRepositoryProps)
\`\`\`

# \`scope\`<sup>Required</sup> <a name=\\"@aws-cdk/aws-ecr.CfnPublicRepository.parameter.scope\\"></a>

- *Type:* [\`@aws-cdk/core.Construct\`](#@aws-cdk/core.Construct)

scope in which this resource is defined.

---

# \`id\`<sup>Required</sup> <a name=\\"@aws-cdk/aws-ecr.CfnPublicRepository.parameter.id\\"></a>

- *Type:* \`string\`

scoped id of the resource.

---

# \`props\`<sup>Optional</sup> <a name=\\"@aws-cdk/aws-ecr.CfnPublicRepository.parameter.props\\"></a>

- *Type:* [\`@aws-cdk/aws-ecr.CfnPublicRepositoryProps\`](#@aws-cdk/aws-ecr.CfnPublicRepositoryProps)

resource properties.

---
"
`;
