// Jest Snapshot v1, https://goo.gl/fbAQLP

exports[`csharp snapshot 1`] = `
" \`Inspect\` <a name=\\"Amazon.CDK.AWS.ECR.CfnPublicRepository.Inspect\\" id=\\"amazoncdkawsecrcfnpublicrepositoryinspect\\"></a>

\`\`\`csharp
private Inspect(TreeInspector Inspector)
\`\`\`

# \`Inspector\`<sup>Required</sup> <a name=\\"Amazon.CDK.AWS.ECR.CfnPublicRepository.parameter.Inspector\\" id=\\"amazoncdkawsecrcfnpublicrepositoryparameterinspector\\"></a>

- *Type:* [\`Amazon.CDK.TreeInspector\`](#Amazon.CDK.TreeInspector)

tree inspector to collect and process attributes.

---
"
`;

exports[`java snapshot 1`] = `
" \`inspect\` <a name=\\"software.amazon.awscdk.services.ecr.CfnPublicRepository.inspect\\" id=\\"softwareamazonawscdkservicesecrcfnpublicrepositoryinspect\\"></a>

\`\`\`java
public inspect(TreeInspector inspector)
\`\`\`

# \`inspector\`<sup>Required</sup> <a name=\\"software.amazon.awscdk.services.ecr.CfnPublicRepository.parameter.inspector\\" id=\\"softwareamazonawscdkservicesecrcfnpublicrepositoryparameterinspector\\"></a>

- *Type:* [\`software.amazon.awscdk.core.TreeInspector\`](#software.amazon.awscdk.core.TreeInspector)

tree inspector to collect and process attributes.

---
"
`;

exports[`python snapshot 1`] = `
" \`inspect\` <a name=\\"aws_cdk.aws_ecr.CfnPublicRepository.inspect\\" id=\\"awscdkawsecrcfnpublicrepositoryinspect\\"></a>

\`\`\`python
def inspect(
  inspector: TreeInspector
)
\`\`\`

# \`inspector\`<sup>Required</sup> <a name=\\"aws_cdk.aws_ecr.CfnPublicRepository.parameter.inspector\\" id=\\"awscdkawsecrcfnpublicrepositoryparameterinspector\\"></a>

- *Type:* [\`aws_cdk.core.TreeInspector\`](#aws_cdk.core.TreeInspector)

tree inspector to collect and process attributes.

---
"
`;

exports[`typescript snapshot 1`] = `
" \`inspect\` <a name=\\"@aws-cdk/aws-ecr.CfnPublicRepository.inspect\\" id=\\"awscdkawsecrcfnpublicrepositoryinspect\\"></a>

\`\`\`typescript
public inspect(inspector: TreeInspector)
\`\`\`

# \`inspector\`<sup>Required</sup> <a name=\\"@aws-cdk/aws-ecr.CfnPublicRepository.parameter.inspector\\" id=\\"awscdkawsecrcfnpublicrepositoryparameterinspector\\"></a>

- *Type:* [\`@aws-cdk/core.TreeInspector\`](#@aws-cdk/core.TreeInspector)

tree inspector to collect and process attributes.

---
"
`;
