// Jest Snapshot v1, https://goo.gl/fbAQLP

exports[`python snapshot 1`] = `
" IRepository <a name=\\"aws_cdk.aws_ecr.IRepository\\"></a>

- *Extends:* [\`aws_cdk.core.IResource\`](#aws_cdk.core.IResource)

- *Implemented By:* [\`aws_cdk.aws_ecr.Repository\`](#aws_cdk.aws_ecr.Repository), [\`aws_cdk.aws_ecr.RepositoryBase\`](#aws_cdk.aws_ecr.RepositoryBase), [\`aws_cdk.aws_ecr.IRepository\`](#aws_cdk.aws_ecr.IRepository)

Represents an ECR repository.

# Methods <a name=\\"Methods\\"></a>

## \`add_to_resource_policy\` <a name=\\"aws_cdk.aws_ecr.IRepository.add_to_resource_policy\\"></a>

\`\`\`python
def add_to_resource_policy(statement: PolicyStatement)
\`\`\`

### \`statement\`<sup>Required</sup> <a name=\\"aws_cdk.aws_ecr.IRepository.statement\\"></a>

- *Type:* [\`aws_cdk.aws_iam.PolicyStatement\`](#aws_cdk.aws_iam.PolicyStatement)

---

## \`grant\` <a name=\\"aws_cdk.aws_ecr.IRepository.grant\\"></a>

\`\`\`python
def grant(grantee: IGrantable, 
          actions: str)
\`\`\`

### \`grantee\`<sup>Required</sup> <a name=\\"aws_cdk.aws_ecr.IRepository.grantee\\"></a>

- *Type:* [\`aws_cdk.aws_iam.IGrantable\`](#aws_cdk.aws_iam.IGrantable)

---

### \`actions\`<sup>Required</sup> <a name=\\"aws_cdk.aws_ecr.IRepository.actions\\"></a>

- *Type:* \`str\`

---

## \`grant_pull\` <a name=\\"aws_cdk.aws_ecr.IRepository.grant_pull\\"></a>

\`\`\`python
def grant_pull(grantee: IGrantable)
\`\`\`

### \`grantee\`<sup>Required</sup> <a name=\\"aws_cdk.aws_ecr.IRepository.grantee\\"></a>

- *Type:* [\`aws_cdk.aws_iam.IGrantable\`](#aws_cdk.aws_iam.IGrantable)

---

## \`grant_pull_push\` <a name=\\"aws_cdk.aws_ecr.IRepository.grant_pull_push\\"></a>

\`\`\`python
def grant_pull_push(grantee: IGrantable)
\`\`\`

### \`grantee\`<sup>Required</sup> <a name=\\"aws_cdk.aws_ecr.IRepository.grantee\\"></a>

- *Type:* [\`aws_cdk.aws_iam.IGrantable\`](#aws_cdk.aws_iam.IGrantable)

---

## \`on_cloud_trail_event\` <a name=\\"aws_cdk.aws_ecr.IRepository.on_cloud_trail_event\\"></a>

\`\`\`python
def on_cloud_trail_event(id: str, 
                         description: str = None, 
                         event_pattern: EventPattern = None, 
                         rule_name: str = None, 
                         target: IRuleTarget = None)
\`\`\`

### \`id\`<sup>Required</sup> <a name=\\"aws_cdk.aws_ecr.IRepository.id\\"></a>

- *Type:* \`str\`

The id of the rule.

---

### \`description\`<sup>Optional</sup> <a name=\\"aws_cdk.aws_events.OnEventOptions.description\\"></a>

- *Type:* \`str\`
- *Default:* No description

A description of the rule's purpose.

---

### \`event_pattern\`<sup>Optional</sup> <a name=\\"aws_cdk.aws_events.OnEventOptions.event_pattern\\"></a>

- *Type:* [\`aws_cdk.aws_events.EventPattern\`](#aws_cdk.aws_events.EventPattern)
- *Default:* No additional filtering based on an event pattern.

Additional restrictions for the event to route to the specified target.

The method that generates the rule probably imposes some type of event
filtering. The filtering implied by what you pass here is added
on top of that filtering.

> https://docs.aws.amazon.com/eventbridge/latest/userguide/eventbridge-and-event-patterns.html

---

### \`rule_name\`<sup>Optional</sup> <a name=\\"aws_cdk.aws_events.OnEventOptions.rule_name\\"></a>

- *Type:* \`str\`
- *Default:* AWS CloudFormation generates a unique physical ID.

A name for the rule.

---

### \`target\`<sup>Optional</sup> <a name=\\"aws_cdk.aws_events.OnEventOptions.target\\"></a>

- *Type:* [\`aws_cdk.aws_events.IRuleTarget\`](#aws_cdk.aws_events.IRuleTarget)
- *Default:* No target is added to the rule. Use \`addTarget()\` to add a target.

The target to register for the event.

---

## \`on_cloud_trail_image_pushed\` <a name=\\"aws_cdk.aws_ecr.IRepository.on_cloud_trail_image_pushed\\"></a>

\`\`\`python
def on_cloud_trail_image_pushed(id: str, 
                                description: str = None, 
                                event_pattern: EventPattern = None, 
                                rule_name: str = None, 
                                target: IRuleTarget = None, 
                                image_tag: str = None)
\`\`\`

### \`id\`<sup>Required</sup> <a name=\\"aws_cdk.aws_ecr.IRepository.id\\"></a>

- *Type:* \`str\`

The id of the rule.

---

### \`description\`<sup>Optional</sup> <a name=\\"aws_cdk.aws_ecr.OnCloudTrailImagePushedOptions.description\\"></a>

- *Type:* \`str\`
- *Default:* No description

A description of the rule's purpose.

---

### \`event_pattern\`<sup>Optional</sup> <a name=\\"aws_cdk.aws_ecr.OnCloudTrailImagePushedOptions.event_pattern\\"></a>

- *Type:* [\`aws_cdk.aws_events.EventPattern\`](#aws_cdk.aws_events.EventPattern)
- *Default:* No additional filtering based on an event pattern.

Additional restrictions for the event to route to the specified target.

The method that generates the rule probably imposes some type of event
filtering. The filtering implied by what you pass here is added
on top of that filtering.

> https://docs.aws.amazon.com/eventbridge/latest/userguide/eventbridge-and-event-patterns.html

---

### \`rule_name\`<sup>Optional</sup> <a name=\\"aws_cdk.aws_ecr.OnCloudTrailImagePushedOptions.rule_name\\"></a>

- *Type:* \`str\`
- *Default:* AWS CloudFormation generates a unique physical ID.

A name for the rule.

---

### \`target\`<sup>Optional</sup> <a name=\\"aws_cdk.aws_ecr.OnCloudTrailImagePushedOptions.target\\"></a>

- *Type:* [\`aws_cdk.aws_events.IRuleTarget\`](#aws_cdk.aws_events.IRuleTarget)
- *Default:* No target is added to the rule. Use \`addTarget()\` to add a target.

The target to register for the event.

---

### \`image_tag\`<sup>Optional</sup> <a name=\\"aws_cdk.aws_ecr.OnCloudTrailImagePushedOptions.image_tag\\"></a>

- *Type:* \`str\`
- *Default:* Watch changes to all tags

Only watch changes to this image tag.

---

## \`on_event\` <a name=\\"aws_cdk.aws_ecr.IRepository.on_event\\"></a>

\`\`\`python
def on_event(id: str, 
             description: str = None, 
             event_pattern: EventPattern = None, 
             rule_name: str = None, 
             target: IRuleTarget = None)
\`\`\`

### \`id\`<sup>Required</sup> <a name=\\"aws_cdk.aws_ecr.IRepository.id\\"></a>

- *Type:* \`str\`

---

### \`description\`<sup>Optional</sup> <a name=\\"aws_cdk.aws_events.OnEventOptions.description\\"></a>

- *Type:* \`str\`
- *Default:* No description

A description of the rule's purpose.

---

### \`event_pattern\`<sup>Optional</sup> <a name=\\"aws_cdk.aws_events.OnEventOptions.event_pattern\\"></a>

- *Type:* [\`aws_cdk.aws_events.EventPattern\`](#aws_cdk.aws_events.EventPattern)
- *Default:* No additional filtering based on an event pattern.

Additional restrictions for the event to route to the specified target.

The method that generates the rule probably imposes some type of event
filtering. The filtering implied by what you pass here is added
on top of that filtering.

> https://docs.aws.amazon.com/eventbridge/latest/userguide/eventbridge-and-event-patterns.html

---

### \`rule_name\`<sup>Optional</sup> <a name=\\"aws_cdk.aws_events.OnEventOptions.rule_name\\"></a>

- *Type:* \`str\`
- *Default:* AWS CloudFormation generates a unique physical ID.

A name for the rule.

---

### \`target\`<sup>Optional</sup> <a name=\\"aws_cdk.aws_events.OnEventOptions.target\\"></a>

- *Type:* [\`aws_cdk.aws_events.IRuleTarget\`](#aws_cdk.aws_events.IRuleTarget)
- *Default:* No target is added to the rule. Use \`addTarget()\` to add a target.

The target to register for the event.

---

## \`on_image_scan_completed\` <a name=\\"aws_cdk.aws_ecr.IRepository.on_image_scan_completed\\"></a>

\`\`\`python
def on_image_scan_completed(id: str, 
                            description: str = None, 
                            event_pattern: EventPattern = None, 
                            rule_name: str = None, 
                            target: IRuleTarget = None, 
                            image_tags: typing.List[str] = None)
\`\`\`

### \`id\`<sup>Required</sup> <a name=\\"aws_cdk.aws_ecr.IRepository.id\\"></a>

- *Type:* \`str\`

The id of the rule.

---

### \`description\`<sup>Optional</sup> <a name=\\"aws_cdk.aws_ecr.OnImageScanCompletedOptions.description\\"></a>

- *Type:* \`str\`
- *Default:* No description

A description of the rule's purpose.

---

### \`event_pattern\`<sup>Optional</sup> <a name=\\"aws_cdk.aws_ecr.OnImageScanCompletedOptions.event_pattern\\"></a>

- *Type:* [\`aws_cdk.aws_events.EventPattern\`](#aws_cdk.aws_events.EventPattern)
- *Default:* No additional filtering based on an event pattern.

Additional restrictions for the event to route to the specified target.

The method that generates the rule probably imposes some type of event
filtering. The filtering implied by what you pass here is added
on top of that filtering.

> https://docs.aws.amazon.com/eventbridge/latest/userguide/eventbridge-and-event-patterns.html

---

### \`rule_name\`<sup>Optional</sup> <a name=\\"aws_cdk.aws_ecr.OnImageScanCompletedOptions.rule_name\\"></a>

- *Type:* \`str\`
- *Default:* AWS CloudFormation generates a unique physical ID.

A name for the rule.

---

### \`target\`<sup>Optional</sup> <a name=\\"aws_cdk.aws_ecr.OnImageScanCompletedOptions.target\\"></a>

- *Type:* [\`aws_cdk.aws_events.IRuleTarget\`](#aws_cdk.aws_events.IRuleTarget)
- *Default:* No target is added to the rule. Use \`addTarget()\` to add a target.

The target to register for the event.

---

### \`image_tags\`<sup>Optional</sup> <a name=\\"aws_cdk.aws_ecr.OnImageScanCompletedOptions.image_tags\\"></a>

- *Type:* typing.List[\`str\`]
- *Default:* Watch the changes to the repository with all image tags

Only watch changes to the image tags spedified.

Leave it undefined to watch the full repository.

---

## \`repository_uri_for_digest\` <a name=\\"aws_cdk.aws_ecr.IRepository.repository_uri_for_digest\\"></a>

\`\`\`python
def repository_uri_for_digest(digest: str = None)
\`\`\`

### \`digest\`<sup>Optional</sup> <a name=\\"aws_cdk.aws_ecr.IRepository.digest\\"></a>

- *Type:* \`str\`

Image digest to use (tools usually default to the image with the \\"latest\\" tag if omitted).

---

## \`repository_uri_for_tag\` <a name=\\"aws_cdk.aws_ecr.IRepository.repository_uri_for_tag\\"></a>

\`\`\`python
def repository_uri_for_tag(tag: str = None)
\`\`\`

### \`tag\`<sup>Optional</sup> <a name=\\"aws_cdk.aws_ecr.IRepository.tag\\"></a>

- *Type:* \`str\`

Image tag to use (tools usually default to \\"latest\\" if omitted).

---

# Properties <a name=\\"Properties\\"></a>

## \`node\`<sup>Required</sup> <a name=\\"aws_cdk.aws_ecr.IRepository.node\\"></a>

- *Type:* [\`aws_cdk.core.ConstructNode\`](#aws_cdk.core.ConstructNode)

The construct tree node for this construct.

---

## \`env\`<sup>Required</sup> <a name=\\"aws_cdk.aws_ecr.IRepository.env\\"></a>

- *Type:* [\`aws_cdk.core.ResourceEnvironment\`](#aws_cdk.core.ResourceEnvironment)

The environment this resource belongs to.

For resources that are created and managed by the CDK
(generally, those created by creating new class instances like Role, Bucket, etc.),
this is always the same as the environment of the stack they belong to;
however, for imported resources
(those obtained from static methods like fromRoleArn, fromBucketName, etc.),
that might be different than the stack they were imported into.

---

## \`stack\`<sup>Required</sup> <a name=\\"aws_cdk.aws_ecr.IRepository.stack\\"></a>

- *Type:* [\`aws_cdk.core.Stack\`](#aws_cdk.core.Stack)

The stack in which this resource is defined.

---

## \`repository_arn\`<sup>Required</sup> <a name=\\"aws_cdk.aws_ecr.IRepository.repository_arn\\"></a>

- *Type:* \`str\`

The ARN of the repository.

---

## \`repository_name\`<sup>Required</sup> <a name=\\"aws_cdk.aws_ecr.IRepository.repository_name\\"></a>

- *Type:* \`str\`

The name of the repository.

---

## \`repository_uri\`<sup>Required</sup> <a name=\\"aws_cdk.aws_ecr.IRepository.repository_uri\\"></a>

- *Type:* \`str\`

The URI of this repository (represents the latest image):.

ACCOUNT.dkr.ecr.REGION.amazonaws.com/REPOSITORY

---
"
`;

exports[`typescript snapshot 1`] = `
" IRepository <a name=\\"@aws-cdk/aws-ecr.IRepository\\"></a>

- *Extends:* [\`@aws-cdk/core.IResource\`](#@aws-cdk/core.IResource)

- *Implemented By:* [\`@aws-cdk/aws-ecr.Repository\`](#@aws-cdk/aws-ecr.Repository), [\`@aws-cdk/aws-ecr.RepositoryBase\`](#@aws-cdk/aws-ecr.RepositoryBase), [\`@aws-cdk/aws-ecr.IRepository\`](#@aws-cdk/aws-ecr.IRepository)

Represents an ECR repository.

# Methods <a name=\\"Methods\\"></a>

## \`addToResourcePolicy\` <a name=\\"@aws-cdk/aws-ecr.IRepository.addToResourcePolicy\\"></a>

\`\`\`typescript
public addToResourcePolicy(statement: PolicyStatement)
\`\`\`

### \`statement\`<sup>Required</sup> <a name=\\"@aws-cdk/aws-ecr.IRepository.statement\\"></a>

- *Type:* [\`@aws-cdk/aws-iam.PolicyStatement\`](#@aws-cdk/aws-iam.PolicyStatement)

---

## \`grant\` <a name=\\"@aws-cdk/aws-ecr.IRepository.grant\\"></a>

\`\`\`typescript
public grant(grantee: IGrantable, actions: string)
\`\`\`

### \`grantee\`<sup>Required</sup> <a name=\\"@aws-cdk/aws-ecr.IRepository.grantee\\"></a>

- *Type:* [\`@aws-cdk/aws-iam.IGrantable\`](#@aws-cdk/aws-iam.IGrantable)

---

### \`actions\`<sup>Required</sup> <a name=\\"@aws-cdk/aws-ecr.IRepository.actions\\"></a>

- *Type:* \`string\`

---

## \`grantPull\` <a name=\\"@aws-cdk/aws-ecr.IRepository.grantPull\\"></a>

\`\`\`typescript
public grantPull(grantee: IGrantable)
\`\`\`

### \`grantee\`<sup>Required</sup> <a name=\\"@aws-cdk/aws-ecr.IRepository.grantee\\"></a>

- *Type:* [\`@aws-cdk/aws-iam.IGrantable\`](#@aws-cdk/aws-iam.IGrantable)

---

## \`grantPullPush\` <a name=\\"@aws-cdk/aws-ecr.IRepository.grantPullPush\\"></a>

\`\`\`typescript
public grantPullPush(grantee: IGrantable)
\`\`\`

### \`grantee\`<sup>Required</sup> <a name=\\"@aws-cdk/aws-ecr.IRepository.grantee\\"></a>

- *Type:* [\`@aws-cdk/aws-iam.IGrantable\`](#@aws-cdk/aws-iam.IGrantable)

---

## \`onCloudTrailEvent\` <a name=\\"@aws-cdk/aws-ecr.IRepository.onCloudTrailEvent\\"></a>

\`\`\`typescript
public onCloudTrailEvent(id: string, options?: OnEventOptions)
\`\`\`

### \`id\`<sup>Required</sup> <a name=\\"@aws-cdk/aws-ecr.IRepository.id\\"></a>

- *Type:* \`string\`

The id of the rule.

---

### \`options\`<sup>Optional</sup> <a name=\\"@aws-cdk/aws-ecr.IRepository.options\\"></a>

- *Type:* [\`@aws-cdk/aws-events.OnEventOptions\`](#@aws-cdk/aws-events.OnEventOptions)

Options for adding the rule.

---

## \`onCloudTrailImagePushed\` <a name=\\"@aws-cdk/aws-ecr.IRepository.onCloudTrailImagePushed\\"></a>

\`\`\`typescript
public onCloudTrailImagePushed(id: string, options?: OnCloudTrailImagePushedOptions)
\`\`\`

### \`id\`<sup>Required</sup> <a name=\\"@aws-cdk/aws-ecr.IRepository.id\\"></a>

- *Type:* \`string\`

The id of the rule.

---

### \`options\`<sup>Optional</sup> <a name=\\"@aws-cdk/aws-ecr.IRepository.options\\"></a>

- *Type:* [\`@aws-cdk/aws-ecr.OnCloudTrailImagePushedOptions\`](#@aws-cdk/aws-ecr.OnCloudTrailImagePushedOptions)

Options for adding the rule.

---

## \`onEvent\` <a name=\\"@aws-cdk/aws-ecr.IRepository.onEvent\\"></a>

\`\`\`typescript
public onEvent(id: string, options?: OnEventOptions)
\`\`\`

### \`id\`<sup>Required</sup> <a name=\\"@aws-cdk/aws-ecr.IRepository.id\\"></a>

- *Type:* \`string\`

---

### \`options\`<sup>Optional</sup> <a name=\\"@aws-cdk/aws-ecr.IRepository.options\\"></a>

- *Type:* [\`@aws-cdk/aws-events.OnEventOptions\`](#@aws-cdk/aws-events.OnEventOptions)

---

## \`onImageScanCompleted\` <a name=\\"@aws-cdk/aws-ecr.IRepository.onImageScanCompleted\\"></a>

\`\`\`typescript
public onImageScanCompleted(id: string, options?: OnImageScanCompletedOptions)
\`\`\`

### \`id\`<sup>Required</sup> <a name=\\"@aws-cdk/aws-ecr.IRepository.id\\"></a>

- *Type:* \`string\`

The id of the rule.

---

### \`options\`<sup>Optional</sup> <a name=\\"@aws-cdk/aws-ecr.IRepository.options\\"></a>

- *Type:* [\`@aws-cdk/aws-ecr.OnImageScanCompletedOptions\`](#@aws-cdk/aws-ecr.OnImageScanCompletedOptions)

Options for adding the rule.

---

## \`repositoryUriForDigest\` <a name=\\"@aws-cdk/aws-ecr.IRepository.repositoryUriForDigest\\"></a>

\`\`\`typescript
public repositoryUriForDigest(digest?: string)
\`\`\`

### \`digest\`<sup>Optional</sup> <a name=\\"@aws-cdk/aws-ecr.IRepository.digest\\"></a>

- *Type:* \`string\`

Image digest to use (tools usually default to the image with the \\"latest\\" tag if omitted).

---

## \`repositoryUriForTag\` <a name=\\"@aws-cdk/aws-ecr.IRepository.repositoryUriForTag\\"></a>

\`\`\`typescript
public repositoryUriForTag(tag?: string)
\`\`\`

### \`tag\`<sup>Optional</sup> <a name=\\"@aws-cdk/aws-ecr.IRepository.tag\\"></a>

- *Type:* \`string\`

Image tag to use (tools usually default to \\"latest\\" if omitted).

---

# Properties <a name=\\"Properties\\"></a>

## \`node\`<sup>Required</sup> <a name=\\"@aws-cdk/aws-ecr.IRepository.node\\"></a>

- *Type:* [\`@aws-cdk/core.ConstructNode\`](#@aws-cdk/core.ConstructNode)

The construct tree node for this construct.

---

## \`env\`<sup>Required</sup> <a name=\\"@aws-cdk/aws-ecr.IRepository.env\\"></a>

- *Type:* [\`@aws-cdk/core.ResourceEnvironment\`](#@aws-cdk/core.ResourceEnvironment)

The environment this resource belongs to.

For resources that are created and managed by the CDK
(generally, those created by creating new class instances like Role, Bucket, etc.),
this is always the same as the environment of the stack they belong to;
however, for imported resources
(those obtained from static methods like fromRoleArn, fromBucketName, etc.),
that might be different than the stack they were imported into.

---

## \`stack\`<sup>Required</sup> <a name=\\"@aws-cdk/aws-ecr.IRepository.stack\\"></a>

- *Type:* [\`@aws-cdk/core.Stack\`](#@aws-cdk/core.Stack)

The stack in which this resource is defined.

---

## \`repositoryArn\`<sup>Required</sup> <a name=\\"@aws-cdk/aws-ecr.IRepository.repositoryArn\\"></a>

- *Type:* \`string\`

The ARN of the repository.

---

## \`repositoryName\`<sup>Required</sup> <a name=\\"@aws-cdk/aws-ecr.IRepository.repositoryName\\"></a>

- *Type:* \`string\`

The name of the repository.

---

## \`repositoryUri\`<sup>Required</sup> <a name=\\"@aws-cdk/aws-ecr.IRepository.repositoryUri\\"></a>

- *Type:* \`string\`

The URI of this repository (represents the latest image):.

ACCOUNT.dkr.ecr.REGION.amazonaws.com/REPOSITORY

---
"
`;
