// Jest Snapshot v1, https://goo.gl/fbAQLP

exports[`java snapshot 1`] = `
" \`grantee\`<sup>Required</sup> <a name=\\"software.amazon.awscdk.services.ecr.AuthorizationToken.parameter.grantee\\"></a>

- *Type:* [\`software.amazon.awscdk.services.iam.IGrantable\`](#software.amazon.awscdk.services.iam.IGrantable)

---
"
`;

exports[`python snapshot 1`] = `
" \`grantee\`<sup>Required</sup> <a name=\\"aws_cdk.aws_ecr.AuthorizationToken.parameter.grantee\\"></a>

- *Type:* [\`aws_cdk.aws_iam.IGrantable\`](#aws_cdk.aws_iam.IGrantable)

---
"
`;

exports[`typescript snapshot 1`] = `
" \`grantee\`<sup>Required</sup> <a name=\\"@aws-cdk/aws-ecr.AuthorizationToken.parameter.grantee\\"></a>

- *Type:* [\`@aws-cdk/aws-iam.IGrantable\`](#@aws-cdk/aws-iam.IGrantable)

---
"
`;
