// Jest Snapshot v1, https://goo.gl/fbAQLP

exports[`java snapshot 1`] = `
" \`repositoryCatalogData\`<sup>Optional</sup> <a name=\\"software.amazon.awscdk.services.ecr.CfnPublicRepositoryProps.property.repositoryCatalogData\\"></a>

\`\`\`java
public java.lang.Object getRepositoryCatalogData();
\`\`\`

- *Type:* \`java.lang.Object\`

\`AWS::ECR::PublicRepository.RepositoryCatalogData\`.

> [http://docs.aws.amazon.com/AWSCloudFormation/latest/UserGuide/aws-resource-ecr-publicrepository.html#cfn-ecr-publicrepository-repositorycatalogdata](http://docs.aws.amazon.com/AWSCloudFormation/latest/UserGuide/aws-resource-ecr-publicrepository.html#cfn-ecr-publicrepository-repositorycatalogdata)

---
"
`;

exports[`python snapshot 1`] = `
" \`repository_catalog_data\`<sup>Optional</sup> <a name=\\"aws_cdk.aws_ecr.CfnPublicRepositoryProps.property.repository_catalog_data\\"></a>

\`\`\`python
repository_catalog_data: typing.Any
\`\`\`

- *Type:* \`typing.Any\`

\`AWS::ECR::PublicRepository.RepositoryCatalogData\`.

> [http://docs.aws.amazon.com/AWSCloudFormation/latest/UserGuide/aws-resource-ecr-publicrepository.html#cfn-ecr-publicrepository-repositorycatalogdata](http://docs.aws.amazon.com/AWSCloudFormation/latest/UserGuide/aws-resource-ecr-publicrepository.html#cfn-ecr-publicrepository-repositorycatalogdata)

---
"
`;

exports[`typescript snapshot 1`] = `
" \`repositoryCatalogData\`<sup>Optional</sup> <a name=\\"@aws-cdk/aws-ecr.CfnPublicRepositoryProps.property.repositoryCatalogData\\"></a>

\`\`\`typescript
public readonly repositoryCatalogData: any;
\`\`\`

- *Type:* \`any\`

\`AWS::ECR::PublicRepository.RepositoryCatalogData\`.

> [http://docs.aws.amazon.com/AWSCloudFormation/latest/UserGuide/aws-resource-ecr-publicrepository.html#cfn-ecr-publicrepository-repositorycatalogdata](http://docs.aws.amazon.com/AWSCloudFormation/latest/UserGuide/aws-resource-ecr-publicrepository.html#cfn-ecr-publicrepository-repositorycatalogdata)

---
"
`;
