// Jest Snapshot v1, https://goo.gl/fbAQLP

exports[`java snapshot 1`] = `
" \`grantRead\` <a name=\\"software.amazon.awscdk.services.ecr.AuthorizationToken.grantRead\\"></a>

\`\`\`java
import software.amazon.awscdk.services.ecr.AuthorizationToken;

AuthorizationToken.grantRead(grantee: IGrantable)
\`\`\`

# \`grantee\`<sup>Required</sup> <a name=\\"software.amazon.awscdk.services.ecr.AuthorizationToken.parameter.grantee\\"></a>

- *Type:* [\`software.amazon.awscdk.services.iam.IGrantable\`](#software.amazon.awscdk.services.iam.IGrantable)

---
"
`;

exports[`python snapshot 1`] = `
" \`grant_read\` <a name=\\"aws_cdk.aws_ecr.AuthorizationToken.grant_read\\"></a>

\`\`\`python
import aws_cdk.aws_ecr

aws_cdk.aws_ecr.AuthorizationToken.grant_read(
  grantee: IGrantable
)
\`\`\`

# \`grantee\`<sup>Required</sup> <a name=\\"aws_cdk.aws_ecr.AuthorizationToken.parameter.grantee\\"></a>

- *Type:* [\`aws_cdk.aws_iam.IGrantable\`](#aws_cdk.aws_iam.IGrantable)

---
"
`;

exports[`typescript snapshot 1`] = `
" \`grantRead\` <a name=\\"@aws-cdk/aws-ecr.AuthorizationToken.grantRead\\"></a>

\`\`\`typescript
import { AuthorizationToken } from '@aws-cdk/aws-ecr'

AuthorizationToken.grantRead(grantee: IGrantable)
\`\`\`

# \`grantee\`<sup>Required</sup> <a name=\\"@aws-cdk/aws-ecr.AuthorizationToken.parameter.grantee\\"></a>

- *Type:* [\`@aws-cdk/aws-iam.IGrantable\`](#@aws-cdk/aws-iam.IGrantable)

---
"
`;
